[39560:1] 2026-01-16 15:31:25.437 [0x97DC(3) InitializeLog] [SET_LOGPATH] %programdata%\Geni\Insights\logs\cmon.cmd.exe.log
[39560:1] 2026-01-16 15:31:25.440 [0x97DC(0) CxCommonApi::LogModuleInfo] [MODULE LOADING] ModuleName cmon64.dll, Version [2.0.0.1], ModulePath C:\Program Files\Geni\Insights\temp\cmon64.dll ModifiedTime 2023-11-20 15:38:04
[39560:1] 2026-01-16 15:31:25.440 [0x97DC(183) CxConsoleMonitor::Initialize] [Initialize]
[39560:1] 2026-01-16 15:31:25.441 [0x97DC(183) CxSensorPipeClient::Initialize] [Initialize]
[39560:1] 2026-01-16 15:31:25.441 [0x97DC(0) CxThreadPool::Initialize] Queue init : OutputQue 0, nThreadPoolSize : 1
[39560:1] 2026-01-16 15:31:25.442 [0x97DC(183) CxThreadPool::CreateThreadPool] Create 1 WorkerThread
[39560:1] 2026-01-16 15:31:25.443 [0x97DC(183) CxConsoleMonitor::InstallHook] [InstallHook]
[39560:1] 2026-01-16 15:31:25.445 [0x97DC(126) CxConsoleMonitor::xGetProcAddress] [GET_PROC_ADDR] ReadConsoleW from kernelbase.dll
[39560:1] 2026-01-16 15:31:25.446 [0x97DC(183) CxConsoleMonitor::InstallHook] [INSTALL_HOOK] ReadConsoleW : cmd.exe:39560
[39560:1] 2026-01-16 15:31:25.447 [0x97DC(183) CxConsoleMonitor::xGetProcAddress] [GET_PROC_ADDR] ReadConsoleInputW from kernelbase.dll
[39560:1] 2026-01-16 15:31:25.448 [0x97DC(183) CxConsoleMonitor::InstallHook] [INSTALL_HOOK] RealReadConsoleInputW : cmd.exe:39560
[39560:1] 2026-01-16 15:31:25.448 [0x97DC(183) CxConsoleMonitor::InstallHook] [SUCCESS]
[39560:1] 2026-01-16 15:31:25.450 [0x97DC(183) CxConsoleMonitor::GetCmonProfileInfo] [REQ_CMON_PROFILE] 
[39560:1] 2026-01-16 15:31:25.450 [0x97DC(0) CxConsoleMonitor::Initialize] [/Initialize] SUCCESS
[39560:1] 2026-01-16 15:31:25.452 [0x8C64(0) CxThreadPool::ThreadEntry] Worker Thread begins
[39560:1] 2026-01-16 15:31:25.455 [0x8C64(1) CxSensorPipeClient::SendJson] [SEND][ReqType:4] {
   "PID" : 39560,
   "ProcPath" : "C:\\WINDOWS\\system32\\cmd.exe",
   "ReqType" : "xSensorRequestType_GetCmonProfile"
}

[39560:1] 2026-01-16 15:31:25.456 [0x8C64(183) CxSensorPipeClient::SendJson] [RECV] {
   "MaxConsoleInputLength" : 1000
}

[39560:1] 2026-01-16 15:31:25.457 [0x8C64(183) CxConsoleMonitor::PipeResponseCallback] [RES_CALLBACK]
[39560:1] 2026-01-16 15:31:25.457 [0x8C64(183) CxConsoleMonitor::PipeResponseCallback] [CMON_PROFILE] MaxConsoleInputLength : 1000
[39560:1] 2026-01-16 15:31:25.945 [0x97DC(126) CxConsoleMonitor::Uninitialize] [Uninitialize]
[39560:1] 2026-01-16 15:31:25.947 [0x97DC(183) CxSensorPipeClient::Uninitialize] [Uninitialize]
[39560:1] 2026-01-16 15:31:25.947 [0x97DC(183) CxSensorPipeClient::Uninitialize] [/Uninitialize]
[39560:1] 2026-01-16 15:31:25.948 [0x97DC(183) CxConsoleMonitor::Uninitialize] [/Uninitialize] SUCCESS
